Wed Jun 19 13:33:48 2024       
+---------------------------------------------------------------------------------------+
| NVIDIA-SMI 535.161.08             Driver Version: 535.161.08   CUDA Version: 12.2     |
|-----------------------------------------+----------------------+----------------------+
| GPU  Name                 Persistence-M | Bus-Id        Disp.A | Volatile Uncorr. ECC |
| Fan  Temp   Perf          Pwr:Usage/Cap |         Memory-Usage | GPU-Util  Compute M. |
|                                         |                      |               MIG M. |
|=========================================+======================+======================|
|   0  NVIDIA H100 PCIe               Off | 00000000:01:00.0 Off |                    0 |
| N/A   36C    P0              49W / 350W |     13MiB / 81559MiB |      0%      Default |
|                                         |                      |             Disabled |
+-----------------------------------------+----------------------+----------------------+
|   1  NVIDIA H100 PCIe               Off | 00000000:21:00.0 Off |                    0 |
| N/A   37C    P0              49W / 350W |     13MiB / 81559MiB |      0%      Default |
|                                         |                      |             Disabled |
+-----------------------------------------+----------------------+----------------------+
|   2  NVIDIA H100 PCIe               Off | 00000000:41:00.0 Off |                    0 |
| N/A   33C    P0              46W / 350W |     13MiB / 81559MiB |      0%      Default |
|                                         |                      |             Disabled |
+-----------------------------------------+----------------------+----------------------+
|   3  NVIDIA H100 PCIe               Off | 00000000:61:00.0 Off |                    0 |
| N/A   57C    P0             196W / 350W |  22004MiB / 81559MiB |     95%      Default |
|                                         |                      |             Disabled |
+-----------------------------------------+----------------------+----------------------+
                                                                                         
+---------------------------------------------------------------------------------------+
| Processes:                                                                            |
|  GPU   GI   CI        PID   Type   Process name                            GPU Memory |
|        ID   ID                                                             Usage      |
|=======================================================================================|
|    0   N/A  N/A      2912      G   /usr/lib/xorg/Xorg                            4MiB |
|    1   N/A  N/A      2912      G   /usr/lib/xorg/Xorg                            4MiB |
|    2   N/A  N/A      2912      G   /usr/lib/xorg/Xorg                            4MiB |
|    3   N/A  N/A      2912      G   /usr/lib/xorg/Xorg                            4MiB |
|    3   N/A  N/A   1376028      C   ...aconda3/envs/se3dif_h100/bin/python    21982MiB |
+---------------------------------------------------------------------------------------+
