Fri Jun 14 02:03:16 2024       
+---------------------------------------------------------------------------------------+
| NVIDIA-SMI 535.161.08             Driver Version: 535.161.08   CUDA Version: 12.2     |
|-----------------------------------------+----------------------+----------------------+
| GPU  Name                 Persistence-M | Bus-Id        Disp.A | Volatile Uncorr. ECC |
| Fan  Temp   Perf          Pwr:Usage/Cap |         Memory-Usage | GPU-Util  Compute M. |
|                                         |                      |               MIG M. |
|=========================================+======================+======================|
|   0  NVIDIA H100 PCIe               Off | 00000000:01:00.0 Off |                    0 |
| N/A   47C    P0              84W / 350W |   7514MiB / 81559MiB |      0%      Default |
|                                         |                      |             Disabled |
+-----------------------------------------+----------------------+----------------------+
|   1  NVIDIA H100 PCIe               Off | 00000000:21:00.0 Off |                    0 |
| N/A   38C    P0              50W / 350W |     13MiB / 81559MiB |      0%      Default |
|                                         |                      |             Disabled |
+-----------------------------------------+----------------------+----------------------+
|   2  NVIDIA H100 PCIe               Off | 00000000:41:00.0 Off |                    0 |
| N/A   35C    P0              47W / 350W |     13MiB / 81559MiB |      0%      Default |
|                                         |                      |             Disabled |
+-----------------------------------------+----------------------+----------------------+
|   3  NVIDIA H100 PCIe               Off | 00000000:61:00.0 Off |                    0 |
| N/A   35C    P0              50W / 350W |     13MiB / 81559MiB |      0%      Default |
|                                         |                      |             Disabled |
+-----------------------------------------+----------------------+----------------------+
                                                                                         
+---------------------------------------------------------------------------------------+
| Processes:                                                                            |
|  GPU   GI   CI        PID   Type   Process name                            GPU Memory |
|        ID   ID                                                             Usage      |
|=======================================================================================|
|    0   N/A  N/A      2912      G   /usr/lib/xorg/Xorg                            4MiB |
|    0   N/A  N/A   4106513      C   python                                     7492MiB |
|    1   N/A  N/A      2912      G   /usr/lib/xorg/Xorg                            4MiB |
|    2   N/A  N/A      2912      G   /usr/lib/xorg/Xorg                            4MiB |
|    3   N/A  N/A      2912      G   /usr/lib/xorg/Xorg                            4MiB |
+---------------------------------------------------------------------------------------+
/data/home/anxing/anaconda3/envs/learning/lib/python3.10/site-packages/huggingface_hub/file_download.py:1132: FutureWarning: `resume_download` is deprecated and will be removed in version 1.0.0. Downloads always resume when possible. If you want to force a new download, use `force_download=True`.
  warnings.warn(
slurmstepd: error: *** JOB 41377 ON crane5 CANCELLED AT 2024-06-14T02:03:38 ***
slurmstepd: error: *** JOB 41374 ON crane5 CANCELLED AT 2024-06-19T13:16:42 ***
