Fri Jun 14 02:46:57 2024       
+---------------------------------------------------------------------------------------+
| NVIDIA-SMI 535.161.08             Driver Version: 535.161.08   CUDA Version: 12.2     |
|-----------------------------------------+----------------------+----------------------+
| GPU  Name                 Persistence-M | Bus-Id        Disp.A | Volatile Uncorr. ECC |
| Fan  Temp   Perf          Pwr:Usage/Cap |         Memory-Usage | GPU-Util  Compute M. |
|                                         |                      |               MIG M. |
|=========================================+======================+======================|
|   0  NVIDIA H100 PCIe               Off | 00000000:01:00.0 Off |                    0 |
| N/A   48C    P0              84W / 350W |   7514MiB / 81559MiB |      0%      Default |
|                                         |                      |             Disabled |
+-----------------------------------------+----------------------+----------------------+
|   1  NVIDIA H100 PCIe               Off | 00000000:21:00.0 Off |                    0 |
| N/A   47C    P0              52W / 350W |     13MiB / 81559MiB |      0%      Default |
|                                         |                      |             Disabled |
+-----------------------------------------+----------------------+----------------------+
|   2  NVIDIA H100 PCIe               Off | 00000000:41:00.0 Off |                    0 |
| N/A   35C    P0              47W / 350W |     13MiB / 81559MiB |      0%      Default |
|                                         |                      |             Disabled |
+-----------------------------------------+----------------------+----------------------+
|   3  NVIDIA H100 PCIe               Off | 00000000:61:00.0 Off |                    0 |
| N/A   35C    P0              49W / 350W |     13MiB / 81559MiB |      0%      Default |
|                                         |                      |             Disabled |
+-----------------------------------------+----------------------+----------------------+
                                                                                         
+---------------------------------------------------------------------------------------+
| Processes:                                                                            |
|  GPU   GI   CI        PID   Type   Process name                            GPU Memory |
|        ID   ID                                                             Usage      |
|=======================================================================================|
|    0   N/A  N/A      2912      G   /usr/lib/xorg/Xorg                            4MiB |
|    0   N/A  N/A   4106513      C   python                                     7492MiB |
|    1   N/A  N/A      2912      G   /usr/lib/xorg/Xorg                            4MiB |
|    2   N/A  N/A      2912      G   /usr/lib/xorg/Xorg                            4MiB |
|    3   N/A  N/A      2912      G   /usr/lib/xorg/Xorg                            4MiB |
+---------------------------------------------------------------------------------------+
/data/home/anxing/anaconda3/envs/learning/lib/python3.10/site-packages/huggingface_hub/file_download.py:1132: FutureWarning: `resume_download` is deprecated and will be removed in version 1.0.0. Downloads always resume when possible. If you want to force a new download, use `force_download=True`.
  warnings.warn(
 * Serving Flask app 'server'
 * Debug mode: on
[31m[1mWARNING: This is a development server. Do not use it in a production deployment. Use a production WSGI server instead.[0m
 * Running on all addresses (0.0.0.0)
 * Running on http://127.0.0.1:55563
 * Running on http://172.28.176.229:55563
[33mPress CTRL+C to quit[0m
172.26.186.221 - - [14/Jun/2024 02:47:13] "POST /sam_mask_by_point_set HTTP/1.1" 200 -
172.26.186.221 - - [14/Jun/2024 02:49:58] "POST /sam_mask_by_point_set HTTP/1.1" 200 -
172.26.186.221 - - [14/Jun/2024 12:11:45] "POST /sam_mask_by_point_set HTTP/1.1" 200 -
172.26.186.221 - - [14/Jun/2024 12:11:50] "POST /sam_mask_by_point_set HTTP/1.1" 200 -
172.26.186.221 - - [14/Jun/2024 12:15:42] "POST /sam_mask_by_point_set HTTP/1.1" 200 -
172.26.186.221 - - [14/Jun/2024 12:16:01] "POST /sam_mask_by_point_set HTTP/1.1" 200 -
slurmstepd: error: *** JOB 41385 ON crane5 CANCELLED AT 2024-06-19T13:16:42 ***
